
User@DESKTOP-TKF4DGP MINGW64 /c/Cursos/Git/02gitbasico
$ git init
Initialized empty Git repository in C:/Cursos/Git/02gitbasico/.git/

User@DESKTOP-TKF4DGP MINGW64 /c/Cursos/Git/02gitbasico (master)
$ git status
On branch master

No commits yet

Untracked files:
  (use "git add <file>..." to include in what will be committed)
        index.html

nothing added to commit but untracked files present (use "git add" to track)

User@DESKTOP-TKF4DGP MINGW64 /c/Cursos/Git/02gitbasico (master)
$ git add .

User@DESKTOP-TKF4DGP MINGW64 /c/Cursos/Git/02gitbasico (master)
$ git status
On branch master

No commits yet

Changes to be committed:
  (use "git rm --cached <file>..." to unstage)
        new file:   index.html


User@DESKTOP-TKF4DGP MINGW64 /c/Cursos/Git/02gitbasico (master)
$ git commit -m "Estructura HTML5"
[master (root-commit) a3a56d8] Estructura HTML5
 1 file changed, 0 insertions(+), 0 deletions(-)
 create mode 100644 index.html

User@DESKTOP-TKF4DGP MINGW64 /c/Cursos/Git/02gitbasico (master)
$ git status
On branch master
Changes not staged for commit:
  (use "git add <file>..." to update what will be committed)
  (use "git restore <file>..." to discard changes in working directory)
        modified:   index.html

no changes added to commit (use "git add" and/or "git commit -a")

User@DESKTOP-TKF4DGP MINGW64 /c/Cursos/Git/02gitbasico (master)
$ git add .

User@DESKTOP-TKF4DGP MINGW64 /c/Cursos/Git/02gitbasico (master)
$ git status
On branch master
Changes to be committed:
  (use "git restore --staged <file>..." to unstage)
        modified:   index.html


User@DESKTOP-TKF4DGP MINGW64 /c/Cursos/Git/02gitbasico (master)
$ git rm --cached index.html
rm 'index.html'

User@DESKTOP-TKF4DGP MINGW64 /c/Cursos/Git/02gitbasico (master)
$ git status
On branch master
Changes to be committed:
  (use "git restore --staged <file>..." to unstage)
        deleted:    index.html

Untracked files:
  (use "git add <file>..." to include in what will be committed)
        index.html


User@DESKTOP-TKF4DGP MINGW64 /c/Cursos/Git/02gitbasico (master)
$ git status
On branch master
Changes to be committed:
  (use "git restore --staged <file>..." to unstage)
        deleted:    index.html

Untracked files:
  (use "git add <file>..." to include in what will be committed)
        .gitignore
        index.html
        prueba.txt


User@DESKTOP-TKF4DGP MINGW64 /c/Cursos/Git/02gitbasico (master)
$ git add .

User@DESKTOP-TKF4DGP MINGW64 /c/Cursos/Git/02gitbasico (master)
$ git status
On branch master
Changes to be committed:
  (use "git restore --staged <file>..." to unstage)
        new file:   .gitignore
        modified:   index.html
        new file:   prueba.txt


User@DESKTOP-TKF4DGP MINGW64 /c/Cursos/Git/02gitbasico (master)
$ git log
commit a3a56d8f798ddf340a97fdc88faf660e8c74683e (HEAD -> master)
Author: gilbertotg <gilberto.telesforo@gmail.com>
Date:   Wed Nov 10 18:26:32 2021 -0600

    Estructura HTML5

User@DESKTOP-TKF4DGP MINGW64 /c/Cursos/Git/02gitbasico (master)
$
User@DESKTOP-TKF4DGP MINGW64 /c/Cursos/Git/02gitbasico (master)
$ git log --stat
commit a3a56d8f798ddf340a97fdc88faf660e8c74683e (HEAD -> master)
Author: gilbertotg <gilberto.telesforo@gmail.com>
Date:   Wed Nov 10 18:26:32 2021 -0600

    Estructura HTML5

 index.html | 0
 1 file changed, 0 insertions(+), 0 deletions(-)

User@DESKTOP-TKF4DGP MINGW64 /c/Cursos/Git/02gitbasico (ma